create_dataset.py  data_test.csv  data_train.csv  env  make_prediction.py  model.pkl  run.sh  train_model.py
vagrant@vagrant:~/project$ cd /va
vagrant/ var/
vagrant@vagrant:~/project$ cd /va
vagrant/ var/
vagrant@vagrant:~/project$ cd /vagrant/
vagrant@vagrant:/vagrant$ ls
bento-ubuntu-22.04.box  train.csv  vagrant  Vagrantfile
vagrant@vagrant:/vagrant$ cp train.csv /home/vagrant/project/
vagrant@vagrant:/vagrant$ cd /home/vagrant/project/
vagrant@vagrant:~/project$ ls
create_dataset.py  data_test.csv  data_train.csv  env  make_prediction.py  model.pkl  run.sh  train.csv  train_model.py
vagrant@vagrant:~/project$ cd /vagrant/
vagrant@vagrant:/vagrant$ ls
bento-ubuntu-22.04.box  test.csv  train.csv  vagrant  Vagrantfile
vagrant@vagrant:/vagrant$ cp test.csv /home/vagrant/project/
vagrant@vagrant:/vagrant$ cd /home/vagrant/project/
vagrant@vagrant:~/project$ ls
create_dataset.py  data_test.csv  data_train.csv  env  make_prediction.py  model.pkl  run.sh  test.csv  train.csv  train_model.py
vagrant@vagrant:~/project$ rm data_test.csv
vagrant@vagrant:~/project$ ls
create_dataset.py  data_train.csv  env  make_prediction.py  model.pkl  run.sh  test.csv  train.csv  train_model.py
vagrant@vagrant:~/project$ rm data_train.csv
vagrant@vagrant:~/project$ ls
create_dataset.py  env  make_prediction.py  model.pkl  run.sh  test.csv  train.csv  train_model.py
vagrant@vagrant:~/project$ nano train_model.py
vagrant@vagrant:~/project$ vagrant@vagrant:~/project$ nano make_prediction.py
vagrant@vagrant:~/project$ cat make_prediction.py
import pickle
import pandas as pd

loaded_model = pickle.load(open('phish.pkl', 'rb'))
predict_good = ['youtube.com']
result = loaded_model.predict(predict_good)
print(result)
vagrant@vagrant:~/project$ train_model.py
-bash: train_model.py: command not found
vagrant@vagrant:~/project$ cat train_model.py
import pandas as pd
import numpy as np
from nltk.tokenize import RegexpTokenizer
from nltk.stem.snowball import SnowballStemmer
from sklearn.feature_extraction.text import CountVectorizer
from sklearn.model_selection import train_test_split
from sklearn.linear_model import LogisticRegression
from sklearn.metrics import accuracy_score, precision_score, recall_score, confusion_matrix
import pickle
from sklearn.metrics import classification_report
import seaborn as sns
import matplotlib.pyplot as plt
from sklearn.pipeline import make_pipeline
df = pd.read_csv("train.csv")
pipeline_ls = make_pipeline(CountVectorizer(tokenizer = RegexpTokenizer(r'[A-Za-z]+').tokenize, stop_words='english'),LogisticRegression())
trainX, testX, trainY, testY = train_test_split(df.url, df.Predicted)
pipeline_ls.fit(trainX,trainY)
pipeline_ls.score(testX,testY)
pickle.dump(pipeline_ls,open('phish.pkl','wb'))
vagrant@vagrant:~/project$ python3 train_model.py
Traceback (most recent call last):
  File "/home/vagrant/project/train_model.py", line 3, in <module>
    from nltk.tokenize import RegexpTokenizer
ModuleNotFoundError: No module named 'nltk'
vagrant@vagrant:~/project$ pip install nltk
Defaulting to user installation because normal site-packages is not writeable
Collecting nltk
  Downloading nltk-3.8.1-py3-none-any.whl (1.5 MB)
     ━━━━━━━━━━━━━━━━━━━━━━━━━━━━━━━━━━━━━━━━ 1.5/1.5 MB 2.5 MB/s eta 0:00:00
Requirement already satisfied: joblib in /home/vagrant/.local/lib/python3.10/site-packages (from nltk) (1.2.0)
Requirement already satisfied: click in /usr/lib/python3/dist-packages (from nltk) (8.0.3)
Collecting regex>=2021.8.3
  Downloading regex-2023.5.5-cp310-cp310-manylinux_2_17_x86_64.manylinux2014_x86_64.whl (769 kB)
     ━━━━━━━━━━━━━━━━━━━━━━━━━━━━━━━━━━━━━━━━ 769.7/769.7 KB 3.3 MB/s eta 0:00:00
Collecting tqdm
  Downloading tqdm-4.65.0-py3-none-any.whl (77 kB)
     ━━━━━━━━━━━━━━━━━━━━━━━━━━━━━━━━━━━━━━━━ 77.1/77.1 KB 3.6 MB/s eta 0:00:00
Installing collected packages: tqdm, regex, nltk
Successfully installed nltk-3.8.1 regex-2023.5.5 tqdm-4.65.0
vagrant@vagrant:~/project$ python3 train_model.py
Traceback (most recent call last):
  File "/home/vagrant/project/train_model.py", line 11, in <module>
    import seaborn as sns
ModuleNotFoundError: No module named 'seaborn'
vagrant@vagrant:~/project$ nano train_model.py
vagrant@vagrant:~/project$ python3 train_model.py
/home/vagrant/.local/lib/python3.10/site-packages/sklearn/feature_extraction/text.py:528: UserWarning: The parameter 'token_pattern' will not be used since 'tokenizer' is not None'
  warnings.warn(
/home/vagrant/.local/lib/python3.10/site-packages/sklearn/linear_model/_logistic.py:458: ConvergenceWarning: lbfgs failed to converge (status=1):
STOP: TOTAL NO. of ITERATIONS REACHED LIMIT.

Increase the number of iterations (max_iter) or scale the data as shown in:
    https://scikit-learn.org/stable/modules/preprocessing.html
Please also refer to the documentation for alternative solver options:
    https://scikit-learn.org/stable/modules/linear_model.html#logistic-regression
  n_iter_i = _check_optimize_result(
vagrant@vagrant:~/project$ python3 make_prediction.py
[1]
vagrant@vagrant:~/project$ pip3 uninstall nltk
Found existing installation: nltk 3.8.1
Uninstalling nltk-3.8.1:
  Would remove:
    /home/vagrant/.local/bin/nltk
    /home/vagrant/.local/lib/python3.10/site-packages/nltk-3.8.1.dist-info/*
    /home/vagrant/.local/lib/python3.10/site-packages/nltk/*
Proceed (Y/n)? y
  Successfully uninstalled nltk-3.8.1
vagrant@vagrant:~/project$ pip3 install nltk
Defaulting to user installation because normal site-packages is not writeable
Collecting nltk
  Using cached nltk-3.8.1-py3-none-any.whl (1.5 MB)
Requirement already satisfied: tqdm in /home/vagrant/.local/lib/python3.10/site-packages (from nltk) (4.65.0)
Requirement already satisfied: joblib in /home/vagrant/.local/lib/python3.10/site-packages (from nltk) (1.2.0)
Requirement already satisfied: regex>=2021.8.3 in /home/vagrant/.local/lib/python3.10/site-packages (from nltk) (2023.5.5)
Requirement already satisfied: click in /usr/lib/python3/dist-packages (from nltk) (8.0.3)
Installing collected packages: nltk
Successfully installed nltk-3.8.1
vagrant@vagrant:~/project$  pip3 install catboost
Defaulting to user installation because normal site-packages is not writeable
Requirement already satisfied: catboost in /usr/local/lib/python3.10/dist-packages (1.2)
Requirement already satisfied: plotly in /home/vagrant/.local/lib/python3.10/site-packages (from catboost) (5.14.1)
Requirement already satisfied: scipy in /home/vagrant/.local/lib/python3.10/site-packages (from catboost) (1.10.1)
Requirement already satisfied: pandas>=0.24 in /home/vagrant/.local/lib/python3.10/site-packages (from catboost) (2.0.1)
Requirement already satisfied: six in /usr/lib/python3/dist-packages (from catboost) (1.16.0)
Requirement already satisfied: graphviz in /home/vagrant/.local/lib/python3.10/site-packages (from catboost) (0.20.1)
Requirement already satisfied: numpy>=1.16.0 in /home/vagrant/.local/lib/python3.10/site-packages (from catboost) (1.23.4)
Requirement already satisfied: matplotlib in /home/vagrant/.local/lib/python3.10/site-packages (from catboost) (3.7.1)
Requirement already satisfied: python-dateutil>=2.8.2 in /home/vagrant/.local/lib/python3.10/site-packages (from pandas>=0.24->catboost) (2.8.2)
Requirement already satisfied: pytz>=2020.1 in /usr/lib/python3/dist-packages (from pandas>=0.24->catboost) (2022.1)
Requirement already satisfied: tzdata>=2022.1 in /home/vagrant/.local/lib/python3.10/site-packages (from pandas>=0.24->catboost) (2023.3)
Requirement already satisfied: kiwisolver>=1.0.1 in /home/vagrant/.local/lib/python3.10/site-packages (from matplotlib->catboost) (1.4.4)
Requirement already satisfied: packaging>=20.0 in /home/vagrant/.local/lib/python3.10/site-packages (from matplotlib->catboost) (23.1)
Requirement already satisfied: cycler>=0.10 in /home/vagrant/.local/lib/python3.10/site-packages (from matplotlib->catboost) (0.11.0)
Requirement already satisfied: contourpy>=1.0.1 in /home/vagrant/.local/lib/python3.10/site-packages (from matplotlib->catboost) (1.0.7)
Requirement already satisfied: fonttools>=4.22.0 in /home/vagrant/.local/lib/python3.10/site-packages (from matplotlib->catboost) (4.39.4)
Requirement already satisfied: pillow>=6.2.0 in /home/vagrant/.local/lib/python3.10/site-packages (from matplotlib->catboost) (9.5.0)
Requirement already satisfied: pyparsing>=2.3.1 in /usr/lib/python3/dist-packages (from matplotlib->catboost) (2.4.7)
Requirement already satisfied: tenacity>=6.2.0 in /home/vagrant/.local/lib/python3.10/site-packages (from plotly->catboost) (8.2.2)
vagrant@vagrant:~/project$ pip3 install nltk
Defaulting to user installation because normal site-packages is not writeable
Requirement already satisfied: nltk in /home/vagrant/.local/lib/python3.10/site-packages (3.8.1)
Requirement already satisfied: tqdm in /home/vagrant/.local/lib/python3.10/site-packages (from nltk) (4.65.0)
Requirement already satisfied: regex>=2021.8.3 in /home/vagrant/.local/lib/python3.10/site-packages (from nltk) (2023.5.5)
Requirement already satisfied: click in /usr/lib/python3/dist-packages (from nltk) (8.0.3)
Requirement already satisfied: joblib in /home/vagrant/.local/lib/python3.10/site-packages (from nltk) (1.2.0)
vagrant@vagrant:~/project$ pip3 uninstall nltk
Found existing installation: nltk 3.8.1
Uninstalling nltk-3.8.1:
  Would remove:
    /home/vagrant/.local/bin/nltk
    /home/vagrant/.local/lib/python3.10/site-packages/nltk-3.8.1.dist-info/*
    /home/vagrant/.local/lib/python3.10/site-packages/nltk/*
Proceed (Y/n)? Y
  Successfully uninstalled nltk-3.8.1
vagrant@vagrant:~/project$
vagrant@vagrant:~/project$ sudo pip3 install nltk
Collecting nltk
  Downloading nltk-3.8.1-py3-none-any.whl (1.5 MB)
     ━━━━━━━━━━━━━━━━━━━━━━━━━━━━━━━━━━━━━━━━ 1.5/1.5 MB 2.6 MB/s eta 0:00:00
Requirement already satisfied: joblib in /usr/local/lib/python3.10/dist-packages (from nltk) (1.2.0)
Collecting tqdm
  Downloading tqdm-4.65.0-py3-none-any.whl (77 kB)
     ━━━━━━━━━━━━━━━━━━━━━━━━━━━━━━━━━━━━━━━━ 77.1/77.1 KB 5.4 MB/s eta 0:00:00
Requirement already satisfied: click in /usr/lib/python3/dist-packages (from nltk) (8.0.3)
Collecting regex>=2021.8.3
  Downloading regex-2023.5.5-cp310-cp310-manylinux_2_17_x86_64.manylinux2014_x86_64.whl (769 kB)
     ━━━━━━━━━━━━━━━━━━━━━━━━━━━━━━━━━━━━━━━━ 769.7/769.7 KB 1.6 MB/s eta 0:00:00
Installing collected packages: tqdm, regex, nltk
Successfully installed nltk-3.8.1 regex-2023.5.5 tqdm-4.65.0
WARNING: Running pip as the 'root' user can result in broken permissions and conflicting behaviour with the system package manager. It is recommended to use a virtual environment instead: https://pip.pypa.io/warnings/venv
vagrant@vagrant:~/project$ pip3 install nltk
Defaulting to user installation because normal site-packages is not writeable
Requirement already satisfied: nltk in /usr/local/lib/python3.10/dist-packages (3.8.1)
Requirement already satisfied: regex>=2021.8.3 in /home/vagrant/.local/lib/python3.10/site-packages (from nltk) (2023.5.5)
Requirement already satisfied: tqdm in /home/vagrant/.local/lib/python3.10/site-packages (from nltk) (4.65.0)
Requirement already satisfied: click in /usr/lib/python3/dist-packages (from nltk) (8.0.3)
Requirement already satisfied: joblib in /home/vagrant/.local/lib/python3.10/site-packages (from nltk) (1.2.0)
vagrant@vagrant:~/project$ ls
create_dataset.py  env  make_prediction.py  model.pkl  phish.pkl  run.sh  test.csv  train.csv  train_model.py
vagrant@vagrant:~/project$ sudo nano train_model.py
vagrant@vagrant:~/project$ vagrant@vagrant:~/project$ ll
total 18328
drwxrwxrwx  3 vagrant vagrant     4096 May 27 04:16 ./
drwxrwxrwx 10 vagrant vagrant     4096 May 25 09:49 ../
-rwxrwxrwx  1 vagrant vagrant     1006 May 25 08:38 create_dataset.py*
drwxrwxr-x  7 vagrant vagrant     4096 May 26 01:08 env/
-rwxrwxrwx  1 vagrant vagrant      176 May 27 03:35 make_prediction.py*
-rwxrwxrwx  1 vagrant vagrant      751 May 25 08:40 model.pkl*
-rw-rw-r--  1 vagrant vagrant  3445457 May 27 03:48 phish.pkl
-rwxrwxrwx  1 vagrant vagrant      146 May 26 01:18 run.sh*
-rwxrwxr-x  1 vagrant vagrant  2953109 May 27 03:09 test.csv*
-rwxrwxr-x  1 vagrant vagrant 12331212 May 26 14:55 train.csv*
-rwxrwxrwx  1 vagrant vagrant      844 May 27 04:16 train_model.py*
vagrant@vagrant:~/project$ sudo nano train_model.py
vagrant@vagrant:~/project$ pwd
/home/vagrant/project
vagrant@vagrant:~/project$ cat train_model.py
import pandas as pd
import numpy as np
from nltk.tokenize import RegexpTokenizer
from nltk.stem.snowball import SnowballStemmer
from sklearn.feature_extraction.text import CountVectorizer
from sklearn.model_selection import train_test_split
from sklearn.linear_model import LogisticRegression
from sklearn.metrics import accuracy_score, precision_score, recall_score, confusion_matrix
import pickle
from sklearn.metrics import classification_report
from sklearn.pipeline import make_pipeline
df = pd.read_csv("/home/vagrant/project/train.csv")
pipeline_ls = make_pipeline(CountVectorizer(tokenizer = RegexpTokenizer(r'[A-Za-z]+').tokenize, stop_words='english'),LogisticRegression())
trainX, testX, trainY, testY = train_test_split(df.url, df.Predicted)
pipeline_ls.fit(trainX,trainY)
pipeline_ls.score(testX,testY)
pickle.dump(pipeline_ls,open('phish.pkl','wb'))
vagrant@vagrant:~/project$ cat make_prediction.py
import pickle
import pandas as pd

loaded_model = pickle.load(open('phish.pkl', 'rb'))
predict_good = ['youtube.com']
result = loaded_model.predict(predict_good)
print(result)
vagrant@vagrant:~/project$ sudo nano pipline.sh
vagrant@vagrant:~/project$ sudo cp pipline.sh /vagrant
vagrant@vagrant:~/project$ sudo nanp data_creation.py
sudo: nanp: command not found
vagrant@vagrant:~/project$ sudo nano data_creation.py
vagrant@vagrant:~/project$ sudo cp data_creation.py /vagrant
vagrant@vagrant:~/project$ sudo nano pipline.sh
vagrant@vagrant:~/project$ vagrant@vagrant:~/project$ sudo cp pipline.sh /vagrant
vagrant@vagrant:~/project$ ls
create_dataset.py  data_creation.py  env  make_prediction.py  model.pkl  phish.pkl  pipline.sh  run.sh  test.csv  train.csv  train_model.py
vagrant@vagrant:~/project$ nano make_prediction.py
vagrant@vagrant:~/project$ nano train_model.py
vagrant@vagrant:~/project$ vagrant@vagrant:~/project$ nano make_prediction.py
vagrant@vagrant:~/project$ vagrant@vagrant:~/project$
